// Jest Snapshot v1, https://goo.gl/fbAQLP

exports[`Renders the WhoAmI component 1`] = `
ShallowWrapper {
  "length": 1,
  Symbol(enzyme.__root__): [Circular],
  Symbol(enzyme.__unrendered__): <WhoAmi
    viewer={
        Object {
            "email": "fred_murtz@lucy.com",
            "name": "Fred",
          }
    }
/>,
  Symbol(enzyme.__renderer__): Object {
    "batchedUpdates": [Function],
    "getNode": [Function],
    "render": [Function],
    "simulateEvent": [Function],
    "unmount": [Function],
  },
  Symbol(enzyme.__node__): Object {
    "instance": null,
    "key": undefined,
    "nodeType": "class",
    "props": Object {
      "bsClass": "container",
      "children": <Row
        bsClass="row"
        componentClass="div"
>
        <Col
                bsClass="col"
                componentClass="div"
                sm={12}
        >
                <Panel
                        bsClass="panel"
                        bsStyle="default"
                        defaultExpanded={false}
                        header="Who am I?"
                >
                        <ListGroup
                                bsClass="list-group"
                        >
                                <ListGroupItem
                                        bsClass="list-group-item"
                                        listItem={false}
                                >
                                        Name: 
                                        Fred
                                </ListGroupItem>
                                <ListGroupItem
                                        bsClass="list-group-item"
                                        listItem={false}
                                >
                                        Email: 
                                        fred_murtz@lucy.com
                                </ListGroupItem>
                        </ListGroup>
                </Panel>
        </Col>
</Row>,
      "componentClass": "div",
      "fluid": true,
    },
    "ref": null,
    "rendered": Object {
      "instance": null,
      "key": undefined,
      "nodeType": "class",
      "props": Object {
        "bsClass": "row",
        "children": <Col
          bsClass="col"
          componentClass="div"
          sm={12}
>
          <Panel
                    bsClass="panel"
                    bsStyle="default"
                    defaultExpanded={false}
                    header="Who am I?"
          >
                    <ListGroup
                              bsClass="list-group"
                    >
                              <ListGroupItem
                                        bsClass="list-group-item"
                                        listItem={false}
                              >
                                        Name: 
                                        Fred
                              </ListGroupItem>
                              <ListGroupItem
                                        bsClass="list-group-item"
                                        listItem={false}
                              >
                                        Email: 
                                        fred_murtz@lucy.com
                              </ListGroupItem>
                    </ListGroup>
          </Panel>
</Col>,
        "componentClass": "div",
      },
      "ref": null,
      "rendered": Object {
        "instance": null,
        "key": undefined,
        "nodeType": "class",
        "props": Object {
          "bsClass": "col",
          "children": <Panel
            bsClass="panel"
            bsStyle="default"
            defaultExpanded={false}
            header="Who am I?"
>
            <ListGroup
                        bsClass="list-group"
            >
                        <ListGroupItem
                                    bsClass="list-group-item"
                                    listItem={false}
                        >
                                    Name: 
                                    Fred
                        </ListGroupItem>
                        <ListGroupItem
                                    bsClass="list-group-item"
                                    listItem={false}
                        >
                                    Email: 
                                    fred_murtz@lucy.com
                        </ListGroupItem>
            </ListGroup>
</Panel>,
          "componentClass": "div",
          "sm": 12,
        },
        "ref": null,
        "rendered": Object {
          "instance": null,
          "key": undefined,
          "nodeType": "class",
          "props": Object {
            "bsClass": "panel",
            "bsStyle": "default",
            "children": <ListGroup
              bsClass="list-group"
>
              <ListGroupItem
                            bsClass="list-group-item"
                            listItem={false}
              >
                            Name: 
                            Fred
              </ListGroupItem>
              <ListGroupItem
                            bsClass="list-group-item"
                            listItem={false}
              >
                            Email: 
                            fred_murtz@lucy.com
              </ListGroupItem>
</ListGroup>,
            "defaultExpanded": false,
            "header": "Who am I?",
          },
          "ref": null,
          "rendered": Object {
            "instance": null,
            "key": undefined,
            "nodeType": "class",
            "props": Object {
              "bsClass": "list-group",
              "children": Array [
                <ListGroupItem
                  bsClass="list-group-item"
                  listItem={false}
>
                  Name: 
                  Fred
</ListGroupItem>,
                <ListGroupItem
                  bsClass="list-group-item"
                  listItem={false}
>
                  Email: 
                  fred_murtz@lucy.com
</ListGroupItem>,
              ],
            },
            "ref": null,
            "rendered": Array [
              Object {
                "instance": null,
                "key": undefined,
                "nodeType": "class",
                "props": Object {
                  "bsClass": "list-group-item",
                  "children": Array [
                    "Name: ",
                    "Fred",
                  ],
                  "listItem": false,
                },
                "ref": null,
                "rendered": Array [
                  "Name: ",
                  "Fred",
                ],
                "type": [Function],
              },
              Object {
                "instance": null,
                "key": undefined,
                "nodeType": "class",
                "props": Object {
                  "bsClass": "list-group-item",
                  "children": Array [
                    "Email: ",
                    "fred_murtz@lucy.com",
                  ],
                  "listItem": false,
                },
                "ref": null,
                "rendered": Array [
                  "Email: ",
                  "fred_murtz@lucy.com",
                ],
                "type": [Function],
              },
            ],
            "type": [Function],
          },
          "type": [Function],
        },
        "type": [Function],
      },
      "type": [Function],
    },
    "type": [Function],
  },
  Symbol(enzyme.__nodes__): Array [
    Object {
      "instance": null,
      "key": undefined,
      "nodeType": "class",
      "props": Object {
        "bsClass": "container",
        "children": <Row
          bsClass="row"
          componentClass="div"
>
          <Col
                    bsClass="col"
                    componentClass="div"
                    sm={12}
          >
                    <Panel
                              bsClass="panel"
                              bsStyle="default"
                              defaultExpanded={false}
                              header="Who am I?"
                    >
                              <ListGroup
                                        bsClass="list-group"
                              >
                                        <ListGroupItem
                                                  bsClass="list-group-item"
                                                  listItem={false}
                                        >
                                                  Name: 
                                                  Fred
                                        </ListGroupItem>
                                        <ListGroupItem
                                                  bsClass="list-group-item"
                                                  listItem={false}
                                        >
                                                  Email: 
                                                  fred_murtz@lucy.com
                                        </ListGroupItem>
                              </ListGroup>
                    </Panel>
          </Col>
</Row>,
        "componentClass": "div",
        "fluid": true,
      },
      "ref": null,
      "rendered": Object {
        "instance": null,
        "key": undefined,
        "nodeType": "class",
        "props": Object {
          "bsClass": "row",
          "children": <Col
            bsClass="col"
            componentClass="div"
            sm={12}
>
            <Panel
                        bsClass="panel"
                        bsStyle="default"
                        defaultExpanded={false}
                        header="Who am I?"
            >
                        <ListGroup
                                    bsClass="list-group"
                        >
                                    <ListGroupItem
                                                bsClass="list-group-item"
                                                listItem={false}
                                    >
                                                Name: 
                                                Fred
                                    </ListGroupItem>
                                    <ListGroupItem
                                                bsClass="list-group-item"
                                                listItem={false}
                                    >
                                                Email: 
                                                fred_murtz@lucy.com
                                    </ListGroupItem>
                        </ListGroup>
            </Panel>
</Col>,
          "componentClass": "div",
        },
        "ref": null,
        "rendered": Object {
          "instance": null,
          "key": undefined,
          "nodeType": "class",
          "props": Object {
            "bsClass": "col",
            "children": <Panel
              bsClass="panel"
              bsStyle="default"
              defaultExpanded={false}
              header="Who am I?"
>
              <ListGroup
                            bsClass="list-group"
              >
                            <ListGroupItem
                                          bsClass="list-group-item"
                                          listItem={false}
                            >
                                          Name: 
                                          Fred
                            </ListGroupItem>
                            <ListGroupItem
                                          bsClass="list-group-item"
                                          listItem={false}
                            >
                                          Email: 
                                          fred_murtz@lucy.com
                            </ListGroupItem>
              </ListGroup>
</Panel>,
            "componentClass": "div",
            "sm": 12,
          },
          "ref": null,
          "rendered": Object {
            "instance": null,
            "key": undefined,
            "nodeType": "class",
            "props": Object {
              "bsClass": "panel",
              "bsStyle": "default",
              "children": <ListGroup
                bsClass="list-group"
>
                <ListGroupItem
                                bsClass="list-group-item"
                                listItem={false}
                >
                                Name: 
                                Fred
                </ListGroupItem>
                <ListGroupItem
                                bsClass="list-group-item"
                                listItem={false}
                >
                                Email: 
                                fred_murtz@lucy.com
                </ListGroupItem>
</ListGroup>,
              "defaultExpanded": false,
              "header": "Who am I?",
            },
            "ref": null,
            "rendered": Object {
              "instance": null,
              "key": undefined,
              "nodeType": "class",
              "props": Object {
                "bsClass": "list-group",
                "children": Array [
                  <ListGroupItem
                    bsClass="list-group-item"
                    listItem={false}
>
                    Name: 
                    Fred
</ListGroupItem>,
                  <ListGroupItem
                    bsClass="list-group-item"
                    listItem={false}
>
                    Email: 
                    fred_murtz@lucy.com
</ListGroupItem>,
                ],
              },
              "ref": null,
              "rendered": Array [
                Object {
                  "instance": null,
                  "key": undefined,
                  "nodeType": "class",
                  "props": Object {
                    "bsClass": "list-group-item",
                    "children": Array [
                      "Name: ",
                      "Fred",
                    ],
                    "listItem": false,
                  },
                  "ref": null,
                  "rendered": Array [
                    "Name: ",
                    "Fred",
                  ],
                  "type": [Function],
                },
                Object {
                  "instance": null,
                  "key": undefined,
                  "nodeType": "class",
                  "props": Object {
                    "bsClass": "list-group-item",
                    "children": Array [
                      "Email: ",
                      "fred_murtz@lucy.com",
                    ],
                    "listItem": false,
                  },
                  "ref": null,
                  "rendered": Array [
                    "Email: ",
                    "fred_murtz@lucy.com",
                  ],
                  "type": [Function],
                },
              ],
              "type": [Function],
            },
            "type": [Function],
          },
          "type": [Function],
        },
        "type": [Function],
      },
      "type": [Function],
    },
  ],
  Symbol(enzyme.__options__): Object {
    "adapter": ReactSixteenAdapter {
      "options": Object {
        "enableComponentDidUpdateOnSetState": true,
      },
    },
  },
}
`;
